// Jest Snapshot v1, https://goo.gl/fbAQLP

exports[`AverageDurationByYearOfRelease: result 1`] = `
{
  "allFilms": {
    "groupedAggregates": [
      {
        "average": {
          "durationInMinutes": "195.0000000000000000",
        },
        "keys": [
          "1997",
        ],
      },
      {
        "average": {
          "durationInMinutes": "161.0000000000000000",
        },
        "keys": [
          "2009",
        ],
      },
      {
        "average": {
          "durationInMinutes": "142.0000000000000000",
        },
        "keys": [
          "2011",
        ],
      },
      {
        "average": {
          "durationInMinutes": "143.0000000000000000",
        },
        "keys": [
          "2012",
        ],
      },
      {
        "average": {
          "durationInMinutes": "116.5000000000000000",
        },
        "keys": [
          "2013",
        ],
      },
      {
        "average": {
          "durationInMinutes": "126.0000000000000000",
        },
        "keys": [
          "2015",
        ],
      },
      {
        "average": {
          "durationInMinutes": "147.0000000000000000",
        },
        "keys": [
          "2016",
        ],
      },
      {
        "average": {
          "durationInMinutes": "139.0000000000000000",
        },
        "keys": [
          "2017",
        ],
      },
      {
        "average": {
          "durationInMinutes": "130.6000000000000000",
        },
        "keys": [
          "2018",
        ],
      },
    ],
  },
}
`;

exports[`AverageDurationByYearOfRelease: sql 1`] = `
[
  "select
  (avg(__films__."duration_in_minutes"))::text as "0",
  __films__."year_of_release"::text as "1"
from "test"."films" as __films__
group by __films__."year_of_release"
order by __films__."year_of_release" asc;",
]
`;
